[2026-10-09T18:54:35Z INFO  wgpu_hal::vulkan::adapter] Found 6 cooperative matrix configurations supported by wgpu
soak KTLX: 720 min, a cycle every 30 s, injecting cut-off volumes
   0.2 min  new KTLX20261009_184338_V06  decode 83 ms  bin 18 sweeps 11 ms · 131 MB · drew REF tilt 1 7 ms, 3D 14+81 ms, GPU 10 MB
   0.5 min  no change · 131 MB
   1.0 min  no change · 131 MB
   1.5 min  no change · 131 MB
   2.0 min  no change · 131 MB
   2.5 min  no change · 131 MB
   3.0 min  new KTLX20261009_185031_V06  decode 127 ms  bin 18 sweeps 14 ms · 132 MB · drew VEL tilt 1 5 ms, 3D 21+10 ms, GPU 10 MB
   3.5 min  no change · 132 MB
   4.0 min  no change · 131 MB
   4.5 min  no change · 131 MB
   5.0 min  no change · 132 MB
   5.5 min  no change · 132 MB
   6.0 min  no change · 131 MB
   6.5 min  no change · 131 MB
   7.0 min  no change · 132 MB
   7.5 min  no change · 124 MB
   8.0 min  no change · 71 MB
   8.5 min  no change · 71 MB
   9.1 min  no change · 71 MB
   9.5 min  no change · 71 MB
  10.1 min  new KTLX20261009_185728_V06  decode 87 ms  bin 18 sweeps 11 ms · 85 MB · drew CC tilt 1 9 ms, 3D 17+9 ms, GPU 10 MB
  10.5 min  no change · 83 MB
  11.0 min  no change · 83 MB
  11.5 min  no change · 83 MB
  12.0 min  no change · 83 MB
  12.5 min  no change · 83 MB
  13.0 min  no change · 83 MB
  13.5 min  no change · 83 MB
  14.0 min  no change · 83 MB
  14.5 min  no change · 83 MB
  15.0 min  no change · 83 MB
  15.5 min  no change · 83 MB
  16.0 min  no change · 83 MB
  16.5 min  no change · 83 MB
  17.0 min  new KTLX20261009_190420_V06  decode 92 ms  bin 18 sweeps 11 ms · 85 MB · drew ZDR tilt 1 4 ms, 3D 14+9 ms, GPU 10 MB
  17.5 min  no change · 85 MB
  18.0 min  no change · 85 MB
  18.5 min  no change · 85 MB
  19.0 min  no change · 85 MB
  19.5 min  no change · 85 MB
  20.0 min  no change · 85 MB
  20.5 min  no change · 85 MB
  21.0 min  no change · 85 MB
  21.5 min  no change · 85 MB
  22.0 min  no change · 85 MB
  22.5 min  no change · 85 MB
  23.0 min  no change · 85 MB
  23.5 min  no change · 85 MB
  24.0 min  new KTLX20261009_191117_V06  decode 94 ms  bin 18 sweeps 11 ms · 88 MB · drew REF tilt 2 4 ms, 3D 14+9 ms, GPU 10 MB
  24.5 min  no change · 88 MB
  25.0 min  no change · 88 MB
  25.5 min  no change · 88 MB
  26.0 min  no change · 87 MB
  26.5 min  no change · 87 MB
  27.0 min  no change · 87 MB
  27.5 min  no change · 87 MB
  28.0 min  no change · 87 MB
  28.5 min  no change · 87 MB
  29.0 min  no change · 87 MB
  29.5 min  no change · 87 MB
  30.0 min  no change · 87 MB
  30.5 min  no change · 87 MB
  31.0 min  new KTLX20261009_191819_V06  decode 93 ms  bin 18 sweeps 11 ms · 89 MB · drew VEL tilt 2 4 ms, 3D 14+9 ms, GPU 10 MB
  31.5 min  no change · 89 MB
  32.0 min  no change · 89 MB
  32.5 min  no change · 89 MB
  33.0 min  no change · 89 MB
  33.5 min  no change · 89 MB
  34.0 min  no change · 89 MB
  34.5 min  no change · 89 MB
  35.0 min  no change · 89 MB
  35.5 min  no change · 89 MB
  36.0 min  no change · 89 MB
  36.5 min  no change · 89 MB
  37.0 min  no change · 89 MB
  37.5 min  no change · 89 MB
  38.0 min  new KTLX20261009_192516_V06  decode 92 ms  bin 18 sweeps 10 ms · 90 MB · drew CC tilt 2 4 ms, 3D 14+9 ms, GPU 10 MB
  38.5 min  no change · 90 MB
  39.0 min  no change · 90 MB
  39.5 min  no change · 90 MB
  40.0 min  no change · 91 MB
  40.5 min  no change · 91 MB
  41.0 min  no change · 91 MB
  41.5 min  no change · 91 MB
  42.0 min  no change · 91 MB
  42.5 min  no change · 91 MB
  43.0 min  no change · 91 MB
  43.5 min  no change · 91 MB
  44.0 min  no change · 91 MB
  44.5 min  new KTLX20261009_193220_V06  decode 93 ms  bin 18 sweeps 11 ms · 91 MB · drew ZDR tilt 2 4 ms, 3D 13+9 ms, GPU 10 MB
  45.0 min  no change · 91 MB
  45.5 min  no change · 91 MB
  46.0 min  no change · 89 MB
  46.5 min  no change · 89 MB
  47.0 min  no change · 89 MB
  47.5 min  no change · 89 MB
  48.0 min  no change · 89 MB
  48.5 min  no change · 89 MB
  49.0 min  no change · 89 MB
  49.5 min  no change · 89 MB
  50.0 min  no change · 89 MB
  50.5 min  no change · 89 MB
  51.0 min  no change · 89 MB
  51.5 min  new KTLX20261009_193912_V06  decode 93 ms  bin 18 sweeps 11 ms · 91 MB · drew REF tilt 3 4 ms, 3D 16+9 ms, GPU 10 MB
  52.0 min  no change · 91 MB
  52.5 min  no change · 91 MB
  53.0 min  no change · 91 MB
  53.5 min  no change · 91 MB
  54.0 min  no change · 91 MB
  54.5 min  no change · 91 MB
  55.0 min  no change · 91 MB
  55.5 min  no change · 91 MB
  56.0 min  no change · 91 MB
  56.5 min  no change · 91 MB
  57.0 min  no change · 91 MB
  57.5 min  no change · 91 MB
  58.0 min  no change · 91 MB
  58.5 min  new KTLX20261009_194607_V06  decode 90 ms  bin 18 sweeps 10 ms · 92 MB · drew VEL tilt 3 4 ms, 3D 13+9 ms, GPU 10 MB
  59.0 min  no change · 92 MB
  59.5 min  no change · 92 MB
  60.0 min  no change · 92 MB
  60.5 min  no change · 92 MB
  61.0 min  no change · 93 MB
  61.5 min  no change · 93 MB
  62.0 min  no change · 93 MB
  62.5 min  no change · 93 MB
  63.0 min  no change · 93 MB
  63.5 min  no change · 93 MB
  64.0 min  no change · 93 MB
  64.5 min  no change · 93 MB
  65.0 min  no change · 93 MB
  65.5 min  new KTLX20261009_195259_V06  decode 92 ms  bin 18 sweeps 10 ms · 92 MB · drew CC tilt 3 4 ms, 3D 13+9 ms, GPU 10 MB
  66.0 min  no change · 92 MB
  66.5 min  no change · 92 MB
  67.0 min  no change · 92 MB
  67.5 min  no change · 92 MB
  68.0 min  no change · 91 MB
  68.5 min  no change · 91 MB
  69.0 min  no change · 91 MB
  69.5 min  no change · 91 MB
  70.0 min  no change · 91 MB
  70.5 min  no change · 91 MB
  71.0 min  no change · 91 MB
  71.5 min  no change · 91 MB
  72.0 min  no change · 91 MB
  72.5 min  new KTLX20261009_195951_V06  decode 100 ms  bin 18 sweeps 11 ms · 92 MB · drew ZDR tilt 3 4 ms, 3D 14+9 ms, GPU 10 MB
  73.0 min  no change · 90 MB
  73.5 min  no change · 90 MB
  74.0 min  no change · 90 MB
  74.5 min  no change · 90 MB
  75.0 min  no change · 90 MB
  75.5 min  no change · 90 MB
  76.0 min  no change · 90 MB
  76.5 min  no change · 90 MB
  77.0 min  no change · 90 MB
  77.5 min  no change · 91 MB
  78.0 min  no change · 91 MB
  78.5 min  no change · 91 MB
  79.0 min  no change · 91 MB
  79.5 min  new KTLX20261009_200654_V06  decode 95 ms  bin 18 sweeps 10 ms · 93 MB · drew REF tilt 4 6 ms, 3D 13+9 ms, GPU 10 MB
  80.0 min  no change · 91 MB
  80.5 min  no change · 91 MB
  81.0 min  no change · 91 MB
  81.5 min  no change · 91 MB
  82.0 min  no change · 91 MB
  82.6 min  no change · 91 MB
  83.0 min  no change · 90 MB
  83.5 min  no change · 90 MB
  84.0 min  no change · 90 MB
  84.5 min  no change · 91 MB
  85.0 min  no change · 91 MB
  85.5 min  no change · 91 MB
  86.0 min  no change · 90 MB
  86.5 min  new KTLX20261009_201346_V06  decode 93 ms  bin 18 sweeps 11 ms · 144 MB · drew VEL tilt 4 5 ms, 3D 13+9 ms, GPU 10 MB
  87.0 min  no change · 144 MB
  87.5 min  no change · 144 MB
  88.0 min  no change · 144 MB
  88.5 min  no change · 144 MB
  89.0 min  no change · 144 MB
  89.5 min  no change · 144 MB
  90.0 min  no change · 144 MB
  90.5 min  no change · 144 MB
  91.0 min  no change · 144 MB
  91.5 min  no change · 144 MB
  92.0 min  no change · 144 MB
  92.5 min  no change · 144 MB
  93.0 min  new KTLX20261009_202050_V06  decode 93 ms  bin 18 sweeps 10 ms · 143 MB · drew CC tilt 4 4 ms, 3D 12+9 ms, GPU 10 MB
  93.5 min  no change · 143 MB
  94.0 min  no change · 143 MB
  94.5 min  no change · 143 MB
  95.0 min  no change · 143 MB
  95.5 min  no change · 143 MB
  96.0 min  no change · 143 MB
  96.5 min  no change · 143 MB
  97.0 min  no change · 143 MB
  97.5 min  no change · 143 MB
  98.0 min  no change · 142 MB
  98.5 min  no change · 142 MB
  99.0 min  no change · 142 MB
  99.5 min  no change · 90 MB
 100.0 min  new KTLX20261009_202743_V06  decode 75 ms  bin 18 sweeps 11 ms · 94 MB · drew ZDR tilt 4 4 ms, 3D 14+9 ms, GPU 10 MB
 100.5 min  no change · 92 MB
 101.0 min  no change · 92 MB
 101.5 min  no change · 92 MB
 102.0 min  no change · 92 MB
 102.5 min  no change · 92 MB
 103.0 min  no change · 47 MB
 103.5 min  no change · 9 MB
 104.0 min  no change · 10 MB
 104.5 min  no change · 10 MB
 105.0 min  no change · 10 MB
 105.5 min  no change · 10 MB
 106.0 min  no change · 10 MB
 106.5 min  no change · 11 MB
 107.0 min  new KTLX20261009_203440_V06  decode 233 ms  bin 18 sweeps 430 ms · 83 MB · drew REF tilt 1 95 ms, 3D 289+11 ms, GPU 10 MB
 107.5 min  no change · 83 MB
 108.0 min  no change · 83 MB
 108.5 min  no change · 82 MB
 109.0 min  no change · 82 MB
 109.5 min  no change · 82 MB
 110.0 min  no change · 82 MB
 110.5 min  no change · 82 MB
 111.0 min  no change · 82 MB
 111.5 min  no change · 82 MB
 112.0 min  no change · 82 MB
 112.5 min  no change · 82 MB
 113.0 min  no change · 81 MB
 113.5 min  no change · 81 MB
 114.0 min  new KTLX20261009_204135_V06  decode 76 ms  bin 18 sweeps 11 ms · 84 MB · drew VEL tilt 1 4 ms, 3D 12+9 ms, GPU 10 MB
 114.5 min  no change · 84 MB
 115.0 min  no change · 84 MB
 115.5 min  no change · 84 MB
 116.0 min  no change · 84 MB
 116.5 min  no change · 84 MB
 117.0 min  no change · 84 MB
 117.5 min  no change · 84 MB
 118.0 min  no change · 84 MB
 118.5 min  no change · 84 MB
 119.0 min  no change · 84 MB
 119.5 min  no change · 84 MB
 120.0 min  no change · 84 MB
 120.5 min  no change · 84 MB
 121.0 min  new KTLX20261009_204839_V06  decode 73 ms  bin 18 sweeps 10 ms · 84 MB · drew CC tilt 1 4 ms, 3D 13+9 ms, GPU 10 MB
 121.5 min  no change · 84 MB
 122.0 min  no change · 83 MB
 122.5 min  no change · 83 MB
 123.0 min  no change · 83 MB
 123.5 min  no change · 83 MB
 124.0 min  no change · 83 MB
 124.5 min  no change · 83 MB
 125.0 min  no change · 83 MB
 125.5 min  no change · 83 MB
 126.0 min  no change · 83 MB
 126.5 min  no change · 83 MB
 127.0 min  no change · 83 MB
 127.5 min  no change · 83 MB
 128.0 min  new KTLX20261009_205536_V06  decode 72 ms  bin 18 sweeps 11 ms · 87 MB · drew ZDR tilt 1 5 ms, 3D 13+9 ms, GPU 10 MB
 128.5 min  no change · 87 MB
 129.0 min  no change · 87 MB
 129.5 min  no change · 87 MB
 130.0 min  no change · 87 MB
 130.5 min  no change · 87 MB
 131.0 min  no change · 87 MB
 131.5 min  no change · 87 MB
 132.0 min  no change · 87 MB
 132.5 min  no change · 87 MB
 133.0 min  no change · 87 MB
 133.5 min  no change · 87 MB
 134.0 min  no change · 87 MB
 134.5 min  no change · 87 MB
 135.0 min  new KTLX20261009_210233_V06  decode 72 ms  bin 18 sweeps 10 ms · 88 MB · drew REF tilt 2 4 ms, 3D 12+9 ms, GPU 10 MB
 135.5 min  no change · 32 MB
 136.0 min  no change · 32 MB
 136.5 min  no change · 32 MB
 137.0 min  no change · 32 MB
 137.5 min  no change · 32 MB
 138.0 min  no change · 32 MB
 138.5 min  no change · 32 MB
 139.0 min  no change · 32 MB
 139.5 min  no change · 32 MB
 140.0 min  no change · 32 MB
 140.5 min  no change · 32 MB
 141.0 min  no change · 32 MB
 141.5 min  no change · 32 MB
 142.0 min  new KTLX20261009_210925_V06  decode 72 ms  bin 18 sweeps 10 ms · 87 MB · drew VEL tilt 2 4 ms, 3D 13+9 ms, GPU 10 MB
 142.5 min  no change · 87 MB
 143.0 min  no change · 87 MB
 143.5 min  no change · 87 MB
 144.0 min  no change · 87 MB
 144.5 min  no change · 87 MB
 145.0 min  no change · 87 MB
 145.5 min  no change · 87 MB
 146.0 min  no change · 87 MB
 146.5 min  no change · 87 MB
 147.0 min  no change · 87 MB
 147.5 min  no change · 87 MB
 148.0 min  no change · 87 MB
 148.5 min  no change · 87 MB
 149.0 min  new KTLX20261009_211629_V06  decode 70 ms  bin 18 sweeps 10 ms · 89 MB · drew CC tilt 2 4 ms, 3D 12+9 ms, GPU 10 MB
 149.5 min  no change · 89 MB
 150.0 min  no change · 89 MB
 150.5 min  no change · 89 MB
 151.0 min  no change · 89 MB
 151.5 min  no change · 89 MB
 152.0 min  no change · 89 MB
 152.5 min  no change · 89 MB
 153.0 min  no change · 89 MB
 153.5 min  no change · 89 MB
 154.0 min  no change · 89 MB
 154.5 min  no change · 89 MB
 155.0 min  no change · 89 MB
 155.5 min  no change · 89 MB
 156.0 min  new KTLX20261009_212322_V06  decode 67 ms  bin 18 sweeps 10 ms · 87 MB · drew ZDR tilt 2 4 ms, 3D 12+9 ms, GPU 10 MB
 156.5 min  no change · 87 MB
 157.0 min  no change · 87 MB
 157.5 min  no change · 87 MB
 158.0 min  no change · 86 MB
 158.5 min  no change · 86 MB
 159.0 min  no change · 86 MB
 159.5 min  no change · 86 MB
 160.0 min  no change · 86 MB
 160.5 min  no change · 86 MB
 161.0 min  no change · 86 MB
 161.5 min  no change · 86 MB
 162.0 min  no change · 86 MB
 162.5 min  no change · 86 MB
 163.0 min  new KTLX20261009_213018_V06  decode 67 ms  bin 18 sweeps 10 ms · 88 MB · drew REF tilt 3 4 ms, 3D 13+9 ms, GPU 10 MB
 163.5 min  no change · 88 MB
 164.0 min  no change · 88 MB
 164.5 min  no change · 88 MB
 165.0 min  no change · 88 MB
 165.5 min  no change · 88 MB
 166.0 min  no change · 88 MB
 166.5 min  no change · 88 MB
 167.0 min  no change · 88 MB
 167.5 min  no change · 88 MB
 168.0 min  no change · 88 MB
 168.5 min  no change · 88 MB
 169.0 min  no change · 88 MB
 169.5 min  no change · 88 MB
 170.0 min  new KTLX20261009_213721_V06  decode 65 ms  bin 18 sweeps 10 ms · 90 MB · drew VEL tilt 3 4 ms, 3D 12+9 ms, GPU 10 MB
 170.5 min  no change · 90 MB
 171.0 min  no change · 90 MB
 171.5 min  no change · 90 MB
 172.0 min  no change · 90 MB
 172.5 min  no change · 90 MB
 173.0 min  no change · 89 MB
 173.5 min  no change · 89 MB
 174.0 min  no change · 89 MB
 174.5 min  no change · 89 MB
 175.0 min  no change · 89 MB
 175.5 min  no change · 89 MB
 176.0 min  no change · 104 MB
 176.5 min  no change · 104 MB
 177.0 min  new KTLX20261009_214425_V06  decode 71 ms  bin 18 sweeps 11 ms · 105 MB · drew CC tilt 3 4 ms, 3D 13+9 ms, GPU 10 MB
 177.5 min  no change · 105 MB
 178.0 min  no change · 105 MB
 178.5 min  no change · 105 MB
 179.0 min  no change · 105 MB
 179.5 min  no change · 105 MB
 180.0 min  no change · 105 MB
 180.5 min  no change · 105 MB
 181.0 min  no change · 105 MB
 181.5 min  no change · 105 MB
 182.0 min  no change · 105 MB
 182.5 min  no change · 105 MB
 183.0 min  no change · 105 MB
 183.5 min  new KTLX20261009_215116_V06  decode 63 ms  bin 18 sweeps 10 ms · 105 MB · drew ZDR tilt 3 4 ms, 3D 13+9 ms, GPU 10 MB
 184.0 min  no change · 105 MB
 184.5 min  no change · 105 MB
 185.0 min  no change · 105 MB
 185.5 min  no change · 105 MB
 186.0 min  no change · 105 MB
 186.5 min  no change · 105 MB
 187.0 min  no change · 105 MB
 187.5 min  no change · 105 MB
 188.0 min  no change · 104 MB
 188.5 min  no change · 104 MB
 189.0 min  no change · 104 MB
 189.5 min  no change · 104 MB
 190.0 min  no change · 104 MB
 190.5 min  new KTLX20261009_215807_V06  decode 62 ms  bin 18 sweeps 10 ms · 105 MB · drew REF tilt 4 9 ms, 3D 12+9 ms, GPU 10 MB
 191.0 min  no change · 105 MB
 191.5 min  no change · 105 MB
 192.0 min  no change · 105 MB
 192.5 min  no change · 105 MB
 193.0 min  no change · 105 MB
 193.5 min  no change · 105 MB
 194.0 min  no change · 105 MB
 194.5 min  no change · 105 MB
 195.0 min  no change · 105 MB
 195.5 min  no change · 105 MB
 196.0 min  no change · 105 MB
 196.5 min  no change · 105 MB
 197.0 min  no change · 105 MB
 197.5 min  new KTLX20261009_220459_V06  decode 63 ms  bin 18 sweeps 10 ms · 106 MB · drew VEL tilt 4 4 ms, 3D 14+9 ms, GPU 10 MB
 198.0 min  no change · 106 MB
 198.5 min  no change · 106 MB
 199.0 min  no change · 106 MB
 199.5 min  no change · 106 MB
 200.0 min  no change · 106 MB
 200.5 min  no change · 106 MB
 201.0 min  no change · 106 MB
 201.5 min  no change · 106 MB
 202.0 min  no change · 106 MB
 202.5 min  no change · 106 MB
 203.0 min  no change · 105 MB
 203.5 min  no change · 105 MB
 204.0 min  no change · 105 MB
 204.5 min  new KTLX20261009_221203_V06  decode 60 ms  bin 18 sweeps 10 ms · 52 MB · drew CC tilt 4 4 ms, 3D 12+8 ms, GPU 10 MB
 205.0 min  no change · 52 MB
 205.5 min  no change · 52 MB
 206.0 min  no change · 52 MB
 206.5 min  no change · 52 MB
 207.0 min  no change · 52 MB
 207.5 min  no change · 52 MB
 208.0 min  no change · 52 MB
 208.5 min  no change · 52 MB
 209.0 min  no change · 52 MB
 209.5 min  no change · 52 MB
 210.0 min  no change · 52 MB
 210.5 min  no change · 52 MB
 211.0 min  no change · 52 MB
 211.5 min  new KTLX20261009_221855_V06  decode 61 ms  bin 18 sweeps 11 ms · 105 MB · drew ZDR tilt 4 4 ms, 3D 13+8 ms, GPU 10 MB
 212.0 min  no change · 105 MB
 212.5 min  no change · 105 MB
 213.0 min  no change · 105 MB
 213.5 min  no change · 105 MB
 214.0 min  no change · 105 MB
 214.5 min  no change · 105 MB
 215.0 min  no change · 105 MB
 215.5 min  no change · 105 MB
 216.0 min  no change · 105 MB
 216.5 min  no change · 105 MB
 217.0 min  no change · 105 MB
 217.5 min  no change · 105 MB
 218.0 min  new KTLX20261009_222546_V06  decode 57 ms  bin 18 sweeps 10 ms · 108 MB · drew REF tilt 1 4 ms, 3D 12+9 ms, GPU 10 MB
 218.5 min  no change · 108 MB
 219.0 min  no change · 108 MB
 219.5 min  no change · 108 MB
 220.0 min  no change · 108 MB
 220.5 min  no change · 108 MB
 221.0 min  no change · 108 MB
 221.5 min  no change · 108 MB
 222.0 min  no change · 108 MB
 222.5 min  no change · 108 MB
 223.0 min  no change · 108 MB
 223.5 min  no change · 108 MB
 224.0 min  no change · 108 MB
 224.5 min  no change · 108 MB
 225.0 min  new KTLX20261009_223238_V06  decode 54 ms  bin 18 sweeps 10 ms · 107 MB · drew VEL tilt 1 4 ms, 3D 12+9 ms, GPU 10 MB
 225.5 min  no change · 107 MB
 226.0 min  no change · 107 MB
 226.5 min  no change · 107 MB
 227.0 min  no change · 107 MB
 227.5 min  no change · 107 MB
 228.0 min  no change · 107 MB
 228.5 min  no change · 107 MB
 229.0 min  no change · 107 MB
 229.5 min  no change · 107 MB
 230.0 min  no change · 107 MB
 230.5 min  no change · 107 MB
 231.0 min  no change · 107 MB
 231.5 min  no change · 107 MB
 232.0 min  new KTLX20261009_223927_V06  decode 55 ms  bin 18 sweeps 9 ms · 108 MB · drew CC tilt 1 4 ms, 3D 12+9 ms, GPU 10 MB
 232.5 min  no change · 108 MB
 233.0 min  no change · 107 MB
 233.5 min  no change · 107 MB
 234.0 min  no change · 107 MB
 234.5 min  no change · 107 MB
 235.0 min  no change · 107 MB
 235.5 min  no change · 107 MB
 236.0 min  no change · 107 MB
 236.5 min  no change · 107 MB
 237.0 min  no change · 107 MB
 237.5 min  no change · 107 MB
 238.0 min  no change · 107 MB
 238.5 min  no change · 107 MB
 239.1 min  new KTLX20261009_224619_V06  decode 58 ms  bin 18 sweeps 10 ms · 108 MB · drew ZDR tilt 1 4 ms, 3D 13+9 ms, GPU 10 MB
 239.5 min  no change · 108 MB
 240.0 min  no change · 108 MB
 240.5 min  no change · 108 MB
 241.0 min  no change · 108 MB
 241.5 min  no change · 108 MB
 242.0 min  no change · 108 MB
 242.5 min  no change · 108 MB
 243.0 min  no change · 108 MB
 243.5 min  no change · 108 MB
 244.0 min  no change · 108 MB
 244.5 min  no change · 108 MB
 245.0 min  no change · 108 MB
 245.5 min  new KTLX20261009_225322_V06  decode 53 ms  bin 18 sweeps 10 ms · 108 MB · drew REF tilt 2 4 ms, 3D 12+9 ms, GPU 10 MB
 246.0 min  no change · 108 MB
 246.5 min  no change · 108 MB
 247.0 min  no change · 108 MB
 247.5 min  no change · 108 MB
 248.0 min  no change · 107 MB
 248.5 min  no change · 107 MB
 249.0 min  no change · 107 MB
 249.5 min  no change · 107 MB
 250.0 min  no change · 107 MB
 250.5 min  no change · 107 MB
 251.0 min  no change · 107 MB
 251.5 min  no change · 107 MB
 252.0 min  no change · 107 MB
 252.5 min  new KTLX20261009_230006_V06  decode 54 ms  bin 18 sweeps 10 ms · 105 MB · drew VEL tilt 2 4 ms, 3D 12+9 ms, GPU 10 MB
 253.0 min  no change · 105 MB
 253.5 min  no change · 105 MB
 254.0 min  no change · 105 MB
 254.5 min  no change · 105 MB
 255.0 min  no change · 105 MB
 255.5 min  no change · 105 MB
